2026-09-26T06:50:47Z # Remediator run log — phase 100680, round 1 (start). Branch: master. findings.original.json backup already existed (same size as findings.json); skipped copy per task rule.
- 2026-09-26T12:30Z triage (all six findings verified first-hand before any edit):
  - F-01 confirmed: telemetry_entity_tests.rs asserted only `!rendered.contains("\"entities\"")`; redact_preview copies the snapshot verbatim (masked_clone), so preview.snapshot.entity carries the probe name; E2E artifact line 3 shows it on real stderr. Decision: option (b) of the finding (scope the rule to the read-side projection + honest test + honest comment). Reason: option (a) would break the pre-existing test `redact_masks_api_key_in_gist_and_json`, the DoD item "existing behavior remains intact", and the scoped interpretation was already recorded in phase §12 Known Limitations. No worker spawned: findings share files (entities.rs in F-02 and F-05), so per task rules I finished serially myself.
  - F-02 confirmed: verify_snapshot call sites are store_path.rs:145/:177 and pipeline.rs:149 only; import_apply.rs:226 and correct/update store caller-supplied snapshots.
  - F-03 confirmed: grep -c '#[test]' over the five new test files = 13+7+5+1+3 = 29.
  - F-04 confirmed: no new test attached an embedder; FixedEmbedder fixture exists, so I chose the finding's second option (add coverage) instead of only rewording.
  - F-05 confirmed by workspace grep: no crate outside clio-retrieve references snapshot_entities or SNAPSHOT_ENTITY_FIELD.
  - F-06 confirmed: ledger.json listed only the developer step at review time.
- 2026-09-26T12:35Z fixes (all mine, serial):
  - F-01: telemetry_entity_tests.rs — test now nulls preview.snapshot and asserts the probe name appears nowhere else in the rendered VerifyEvent (both verify_ok and verify_fail branches); module header + test doc updated; telemetry.rs:16-17 "Does not own" bullet reworded to state the preview does carry the snapshot's own entity value and that the rule scopes to the read-side projection.
  - F-02: qualified claims in crates/clio-retrieve/src/entities.rs ("Source and authority"), ScoredHit.entities doc (types.rs), docs/recall-entities.md ("What is in the array" + consumer advice); added phase §12 Known Limitations entry (FR-4 runs only on the gated store path; import and correct/update store snapshots as supplied; get_snapshot mitigation; debt owner unassigned).
  - F-03: phase Completion Evidence counts corrected (now 30 new tests / 21 in clio-retrieve; 29 at adversary time + 1 dense test added for F-04).
  - F-04: new test `dense_populated_hit_carries_the_same_entities` in hit_entities_tests.rs: FixedEmbedder attached, asserts dense_rank == Some(1), scores.semantic present, same entities value. Phase Verification-limits (3) rewritten.
  - F-05: dropped `pub use entities::{SNAPSHOT_ENTITY_FIELD, snapshot_entities};` from lib.rs; both items now pub(crate) in entities.rs.
  - F-06: DoD "Required approval is obtained" checkbox unticked and marked pipeline-owned, not self-certified.
  - extra honesty sweep: tightened remaining "span-verified" overclaims in entities.rs module line + SNAPSHOT_ENTITY_FIELD doc + ranking-fixture comment.
  - phase file: §7 bullet scoped; AC-100680-01 evidence row scope note + crate-internal helper path; AC-100680-04 row rewritten; AC-100680-06 row updated (2500 tests; re-run gate noted); Completion Evidence sizes updated; Attribution row appended (`| Remediator | r1 | OpenCode CLI (Together . GLM-5.3 Flash High) | done |`); Final Status mentions the new limitation entry.
- 2026-09-26T12:40Z scoped verify: cargo test -p clio-write --locked telemetry_entity → 1 passed; cargo test -p clio-retrieve --locked entities → 21 passed / 0 failed; cargo test -p clio-retrieve --locked → 192 passed / 0 failed (dense test ran: `test hit_entities_tests::dense_populated_hit_carries_the_same_entities ... ok`).
- 2026-09-26T12:50Z make check exit 0 (fmt + clippy -D warnings + workspace tests). cargo test --workspace --locked → 2500 passed / 0 failed (Postgres reachable on 127.0.0.1:34310, re-verified by TCP probe).
- 2026-09-26T13:05Z final full gate (the round's only make coverage): exit 0 → coverage-guard: 351 file(s) checked against 90.0% floors, TOTAL lines 97.89% functions 98.71%, all reported files meet the per-file floor. Per-file rows read from target/coverage/coverage.json: entities.rs 100.00/100.00 (12/12, 2/2), types.rs 100.00/100.00 (27/27, 3/3), finalize.rs 97.89/100.00, telemetry.rs 100.00/100.00 (26/26, 4/4); clio-retrieve/src/lib.rs has no report row (declarations/re-exports only). Same totals as the developer's gate: my edits were comments, tests, and a declaration-only re-export removal.
- 2026-09-26T13:10Z three comment-only edits after the gate (entities.rs module line, SNAPSHOT_ENTITY_FIELD doc, ranking-fixture comment): re-verified scoped — cargo fmt --all --check clean; cargo clippy -p clio-retrieve -p clio-write --all-targets --all-features --locked -- -D warnings clean; scoped llvm-cov summary-only ran the crate tests green. The full gate was NOT re-run for these comment-only edits (one full gate per round); no instrumented statement was added or removed.
- 2026-09-26T13:15Z size check: all modified Rust files ≤450 lines (telemetry.rs 106, telemetry_entity_tests.rs 148, entities.rs 107, types.rs 212, lib.rs 133, hit_entities_tests.rs 299).
- 2026-09-26T13:15Z findings.json updated: every finding got a `resolution` field quoting real output; addressed_issues preserved as [] (it was empty at submission; no candidate qualified for addition; no incidental bugs confirmed — the CLI `--explain` usage error and `ops verify` exit-1 findings remain pre-existing/speculative and were already ruled out of scope by the developer's round).
- 2026-09-26T13:15Z git: nothing staged, nothing committed, nothing pushed, no stash, no index touch. Main repo unstaged diff: entities.rs, hit_entities_tests.rs, lib.rs, types.rs, telemetry.rs, telemetry_entity_tests.rs, docs/recall-entities.md. Private repo unstaged diff: phase file, findings.json, remediator-task-r1.log. (The index already holds the developer's staged snapshot; the approver reviews `git diff`.)
- 2026-09-26T13:15Z could not verify: nothing known unverifiable; all six findings were reproduced or inspected first-hand, and both full runs completed.
REMEDIATOR_DONE 0c3e2316
