2026-09-24T00:00:00Z START developer-task-r1 phase-100420: reading task file, AGENTS.md, baseline docs, phase file.2026-09-24T12:05:00Z READ task file + AGENTS.md + requirement.md (4.3/4.6/FR-24/NFR-4/PR-6) + crates.md + coverage.md + phase file.
2026-09-24T12:06:00Z BASELINE gate: cargo llvm-cov --workspace --locked --no-clean --json -> /tmp/cov-baseline.json EXIT:0. Guard: 317 files, TOTAL lines 97.97% functions 98.89%, all files >=90%. No blocker; proceeding.
2026-09-24T12:07:00Z DISCOVERY: phase-100060 runs dir has developer/adversary/approver/remediator logs + finalize-task-r1.md + findings.json + ledger.json, no finalize-task-r1.log. Ledger: DEVELOPER_DONE -> ADVERSARY_DONE -> REMEDIATOR_DONE -> REMEDY_APPROVED, 6/6 findings resolved. Verdict reconstructable.
2026-09-24T12:08:00Z DISCOVERY: sql/001_core.sql triples indexes lines 245-254 all non-unique; schema_version seed line 29; migrate.rs:8 SCHEMA_VERSION=10, migrate.rs:111 asserts "'schema_version', '10'".
2026-09-24T12:09:00Z DISCOVERY: triple write path (sqlite_triple.rs + postgres_triple.rs commit_triple_add_tx) closes priors (tx_until IS NULL) BEFORE inserting new edge, same transaction. Constraint-compatible ordering already present on both backends.
2026-09-24T12:40:00Z TASK3 IMPLEMENTED: sql/001_core.sql adds UNIQUE partial index triples_open_uniq (bank_id,subject,predicate) WHERE valid_until IS NULL AND tx_until IS NULL; drops redundant triples_bank_id_subject_predicate_open_both_inx (PG EXPLAIN on compose: supersession query seq-scans/uses base index, no query uses open_both; verified in code: no query filters both-NULL); bumps schema_version seed 10->11 + migrate.rs SCHEMA_VERSION + assertion + schema_reshape.rs SCHEMA_VERSION + test pins (ops_store_tests, pg_ops_tests).
2026-09-24T12:41:00Z TASK3: new crates/clio-store/src/triple_invariant.rs pre-flight duplicate scan (named ConfigCorrupt diagnostic with count + sample identity key + operator-confirmed close-then-retry repair) wired into SqliteStore::from_connection and PostgresStore::open before DDL.
2026-09-24T12:42:00Z TASK3 TESTS: triple_open_uniq_tests.rs (SQLite) + pg_triple_open_uniq_tests.rs (PG): duplicate rejected, supersede in one tx, close-then-reopen, different predicate, as_of valid+transaction stability, existing-db upgrade gains unique index, legacy duplicates fail named diagnostic, operator repair path verified both backends. 9/9 pass. Write-order verified: both backends already close priors before insert (T100420-02).
2026-09-24T12:43:00Z TASK2 ADVERSARY worker (ses_f2de29936ffeiAPGiuiIylt4CT) finished: 4 medium + 3 low findings -> runs/phase-100420/findings.json. No critical.
2026-09-24T12:44:00Z INTEGRATION REVIEW of worker findings: verified each in code myself. Dispositions: F-01 remedy (subject-shred reactivation guard on all 14 subject_keys upserts, both backends), F-02 remedy (template egress scrub parity), F-03 remedy (cross-bank upsert guard envelope+opaque), F-05 remedy (subject immutability on update), F-07 partial remedy (snapshot-must-be-object; url/model build validation ACCEPTED as designed no-egress default per t34_09 + FR-28 readiness), F-04 accepted, F-06 accepted.
2026-09-24T12:45:00Z FIXED fixture drift: ops_store_tests/pg_ops_tests inserted two open triples same identity key -> changed dangling-triple predicate to p2 (constraint now correctly rejects). Existing behavior otherwise intact; 270 clio-store tests green.
2026-09-24T12:46:00Z TASK2 REMEDIATION DONE: item_persist.rs guard helpers; 14 upsert sites + envelope/opaque item upserts + item_update subject immutability; subject_shred_guard_tests.rs (FailOpenKms double) sqlite+pg; extract.rs egress scrub + snapshot object rule; memory_item_tests suite extended (parity both backends). fmt clean, clippy clean, tests green.
2026-09-24T13:10:00Z TASK1 DONE: runs/phase-100060/close-out-verdict.md written (verdict PASS WITH DOCUMENTED LIMITATIONS confirmed; sources cited: ledger.json signals, findings.json 6/6 resolved, remediator/approver logs with make check/coverage evidence); phase-100060 roadmap §12 sign-off + attribution updated. Reconstruction conclusive -> finalize gate NOT re-run.
2026-09-24T13:11:00Z TASK4 DONE: runs/phase-100420/memtree-distillation-decision.md — documented exception chosen (ancestor summaries remain template aggregates; model-backed distillation would put model latency on the non-blocking refresh path; in-repo distill machinery is itself template-derived; debt unowned, needs roadmap addition). No synthesis test shipped (exception alternative chosen).
2026-09-24T13:12:00Z F-06 REMEDIED: gate_boundary_tests.rs extended with BatchWrite::CreateItem tripwire + allowlist; stale canonical.rs entry removed; both tripwire tests pass.
2026-09-24T13:13:00Z VERIFY: PATH fix needed (~/.cargo/bin not on make PATH; rustdoc missing). make check EXIT:0 (fmt + clippy -D warnings + workspace tests, 0 FAILED). Workspace JSON run: cargo llvm-cov --workspace --locked --no-clean --json -> /tmp/cov-current.json; guard: 318 files, TOTAL lines 97.95% functions 98.89%, all files >=90%.
2026-09-24T13:14:00Z PHASE FILE UPDATED: phase-100420-history-temporal-invariant.md — required-tests boxes checked, AC evidence table filled with real results, DoD checked with approval note, Completion Evidence + Known Limitations (5 items) filled, Final Status PASS WITH DOCUMENTED LIMITATIONS, Sign-Off + Attribution Developer r1 done.
2026-09-24T13:15:00Z FILE SIZES: all created/modified Rust files <=450 lines (max triple_open_uniq_tests.rs 432, belief_tx.rs 419). Roadmap isolation grep clean (only pre-existing isolation tripwire tests match).
2026-09-24T13:16:00Z FINAL GATE: make coverage EXIT:0; guard: 318 files, TOTAL lines 97.95% functions 98.89%, all reported files meet per-file floor. Full gate ran exactly twice (baseline + final).
2026-09-24T13:18:00Z STAGED: main repo `git add -- . ':!private/clio-private/runs/'` (31 files: sql/001_core.sql, 26 clio-store files incl. 4 new, clio-write extract.rs + extract_tests.rs); private repo `git add -- roadmap/ runs/` (phase-100060 + phase-100420 files, close-out-verdict.md, findings.json, memtree decision, run log). No commits/pushes/stashes.
2026-09-24T13:19:00Z FINISH developer-r1: all 4 tasks done; final gate green (318 files >=90% lines/functions; TOTAL 97.95%/98.89%); F-04 is the single accepted risk; 5 known limitations recorded in the phase file.
DEVELOPER_DONE 3d4cf319
