2026-09-22 01:08:45 START phase-100320 adversary r1: review staged diff, roadmap/phase-100320-compose-lifecycle.md, run independent verification
2026-09-22 01:08:50 git status: 15 staged files, no unstaged changes outside .workflows/
2026-09-22 01:09:00 line count audit: all Rust files <= 450 lines; compose_assets.rs (176), compose_cli.rs (305), compose_docker.rs (216), compose_env.rs (111), compose_cli_tests.rs (265), compose_cli_fail_tests.rs (275)
2026-09-22 01:09:12 roadmap isolation check: clean, 0 references to roadmap/phase numbers in code or comments
2026-09-22 01:09:56 make check: task-56 launched in background
2026-09-22 01:17:04 make check frozen: test compose_cli::fail_tests::prompt_tty_false_is_non_interactive_and_true_reads_stdin blocked on std::io::stdin().read_line() for >6m; killed task-56
2026-09-22 01:17:05 FINDING F-01 [high]: crates/clio-lib/src/compose_cli_fail_tests.rs:144 calls prompt_tty(true), blocking on process stdin during cargo test when stdin is not closed
2026-09-22 01:17:20 make check </dev/null: task-75 passed (exit 0, all tests pass when stdin is EOF)
2026-09-22 01:18:03 make lint </dev/null: clippy --workspace --all-targets --all-features clean with -D warnings (exit 0)
2026-09-22 01:18:05 cargo fmt --check: formatting clean (exit 0)
2026-09-22 01:18:43 scoped llvm-cov: clio passed (funcs: assets 100%, cli 90.00%, docker 92.31%, env 100%; lines: assets 98.65%, cli 96.17%, docker 99.15%, env 100%)
2026-09-22 01:18:50 docker daemon probe: Docker Compose v2.31.0 and Engine 27.4.0 reachable and responsive
2026-09-22 01:18:52 web verification: pgvector/pgvector:0.8.6-pg16 verified on Docker Hub, delivers pgvector 0.8.6
2026-09-22 01:19:15 FINDING F-02 [medium]: crates/clio-lib/src/compose_assets.rs:144 and crates/clio-lib/src/compose_env.rs:85 use .expect() on filesystem I/O error paths (backup copy and chmod)
2026-09-22 01:19:35 FINDING F-03 [medium]: crates/clio-lib/src/main.rs:276-281 corrupts indentation for Exit codes: and am compose entries in am help output
2026-09-22 01:19:42 FINDING F-04 [low]: crates/clio-lib/src/compose_env.rs:72-73 non-atomic .env creation leaves window before 0600 chmod
2026-09-22 01:19:46 FINDING F-05 [low]: crates/clio-lib/src/compose_cli.rs:62-63 empty subcommand prints awkward error message `unknown compose command ``; try am compose up|down`
2026-09-22 01:19:50 FINDING F-06 [low]: roadmap/phase-100320-compose-lifecycle.md:340 cites NFR-6 for secret hygiene instead of export completeness
2026-09-22 01:20:00 FINDING F-07 [low]: roadmap/phase-100320-compose-lifecycle.md:363 claims separate working directories target distinct roots but compose.yml:20 pins project name clio
2026-09-22 01:21:18 generated HTML report: /var/folders/4x/z7mr7nsn4yj_g0m3_388zmzw0000gt/T/adversarial-review-48nPNd/report.html from findings.json via generate-report.cjs
2026-09-22 01:21:22 artifacts copied: findings.json, report.html, style.css copied to .workflows/phase-100320/
2026-09-22 01:21:32 roadmap/phase-100320-compose-lifecycle.md: updated Attribution table with Adversary r1 done
2026-09-22 01:21:50 FINISH phase-100320 adversary r1: 7 findings (1 high, 2 medium, 4 low), verdict Adequate
ADVERSARY_DONE findings=/Users/aiuser/Documents/projects/agentmemoir/clio/.workflows/phase-100320/findings.json 5f12c339
