2026-09-23T11:33:00Z developer-task-r2 resumed: read task file, phase file, AGENTS.md, coverage.md, crates.md, gaps/full-cli.md
2026-09-23T11:34:00Z inspected prior state: 4 modified tracked files (cli_help.rs, cli_read.rs, main.rs, main_tests.rs) + 10 untracked new files (cli_write.rs, cli_write_group.rs, cli_write_core.rs, cli_write_graph.rs, mcp_cli.rs + test modules); r1 log stopped at "scaffolding done" but files show the full implementation; baseline JSON /tmp/cov-baseline.json present (aggregate lines 97.96% / functions 98.96%)
2026-09-23T11:35:00Z confirmed build current: cargo build --locked --bin clio -> Finished in 1.08s; no code edits needed to compile
2026-09-23T11:36:00Z FINDING: live `clio summarize --scope demo` -> exit 1 `{"code":"-32602","message":"unknown tool `summarize`"}`. summarize is schema-defined but unbound (schema_tests.rs carve-out). Phase 100370 §4 Discovery Output says "Phase 100380 binds it; this phase only exposes it"; Phase 100380 §5 Task 1 owns the gist-regeneration handler + tool_schema approval. Decision: expose-only for 100370, do not implement the handler (would be scope expansion and would need an approval this phase does not own). Recorded as a known limitation owned by 100380.
2026-09-23T11:37:00Z FINDING: cross-process `clio remember` then `clio recall` returns exit 1 `forbidden: no DEK for subject`. Root cause: McpState::open always builds LocalDevKms (in-memory Mutex<HashMap>); recall decrypts the gist. Pre-existing, documented in Phases 100366/100368 as process-local dev-KMS behavior; no phase owns a persistent KMS. In-process success path is proven by tests; recorded as a known limitation.
2026-09-23T11:38:00Z live verification of writes: triple add/query/end OK (exit 0); belief observe create OK; graph link OK once endpoints exist; consolidate OK; remember OK; admit/admit --file OK; remember --dry-run writes nothing (inspect shows 0 items)
2026-09-23T11:39:00Z cargo test --locked -p clio --bin clio -> 341 passed 0 failed (pre-change)
2026-09-23T11:40:00Z scoped coverage (cargo llvm-cov --package clio --locked --no-clean --summary-only, DATABASE_URL=postgres://clio:clio@127.0.0.1:34310/clio) found per-file misses: cli_write.rs fn 86.67% / lines 91.73%; cli_write_graph.rs lines 89.12%; cli_write_core.rs lines 90.78%
2026-09-23T11:41:00Z added tests: cli_write_tests.rs (owns, system_env, run_resolved parse-error/help, run_with_state parse-error), cli_write_core_tests.rs (batch --file without items array, remember maps every optional flag, render fallbacks), cli_write_graph_tests.rs (triple add all optional flags, bad supersede, triple end positionals/dry-run mapping, belief as-of/subject-id, graph link positionals/weight, render fallbacks); added run_write_resolved helper in cli_write_support_tests.rs
2026-09-23T11:42:00Z first new test failed: "fact items must not include source_type (FR-14 reject)"; fixed by making the optional-flag test a belief write (source_type is belief-only)
2026-09-23T11:43:00Z cargo fmt --all; cargo clippy --locked -p clio --all-targets -- -D warnings: fixed 3 pre-existing lint errors (unused err x2, bool assert comparison) -> clean
2026-09-23T11:44:00Z cargo test --locked -p clio --bin clio -> 357 passed 0 failed
2026-09-23T11:45:00Z second scoped coverage: cli_write.rs still fn 86.67% (2 missed closures: dispatch env closure, run_resolved get closure; both 0-hit because tests pass --db so env resolution is skipped). Removed the get closure (pass &io.env to resolve_database) and replaced dispatch's env closure with a module-level system_env fn covered by a direct test.
2026-09-23T11:46:00Z third scoped coverage: cli_write.rs fn 100.00% / lines 95.45%; cli_write_core.rs fn 95.83% / lines 96.35%; cli_write_graph.rs fn 100.00% / lines 100.00%; cli_write_group.rs 100/100; mcp_cli.rs fn 100.00% / lines 92.03%; main.rs fn 100.00% / lines 96.74%; cli_help.rs fn 100.00% / lines 99.36%; cli_read.rs fn 97.37% / lines 96.15% — all changed files >=90%
2026-09-23T11:48:00Z make coverage run 1 FAILED on unrelated flaky test clio-ops reindex_space_tests::reindex_across_two_providers_and_widths ("embed response count 1 does not match batch size 2"); re-ran the test alone 3x -> all pass, confirming a pre-existing parallelism flake, not caused by this phase; did not modify unrelated debt
2026-09-23T11:52:00Z make coverage run 2 PASS: coverage-guard 297 files, TOTAL lines 97.96% functions 98.94%, all reported files meet the per-file floor
2026-09-23T11:53:00Z make check PASS (fmt + clippy -D warnings + workspace tests, exit 0)
2026-09-23T11:54:00Z updated phase file: Attribution Developer row; §9 AC table with results; Definition of Done checked; Completion Evidence (summary, diffs, transcript, snapshot-immutability note, coverage report, known limitations); §12 Known Limitations/Final Status (PASS WITH DOCUMENTED LIMITATIONS)/Verification Sign-Off
2026-09-23T11:55:00Z staged main repo `git add -- . ':!private/clio-private/runs/'` and nested private repo `git add -- roadmap/ runs/`
2026-09-23T11:56:00Z post-gate review found cli_write_graph_tests.rs at 592 lines (>450 cap): `cargo fmt --all` had reformatted the r1 test files (which were not fmt-clean), expanding arrays. Split the new flag/validation/render tests into cli_write_graph_flag_tests.rs (185 lines) and moved the shared link_state fixture into cli_write_support_tests.rs; cli_write_graph_tests.rs back to 413 lines. Registered the new module in cli_write_graph.rs.
2026-09-23T11:57:00Z removed forbidden roadmap/phase references from comments (T100370-01 in cli_write_core_tests.rs; "Phase 100366/100368" in main_write_tests.rs). grep across all changed Rust files for roadmap/T100/Phase/baseline/private -> no matches.
2026-09-23T11:58:00Z re-verified: every changed Rust file <=450 lines (max 413); cargo clippy -p clio --all-targets -D warnings clean; cargo test -p clio --bin clio -> 357 passed 0 failed; scoped coverage all changed files >=90% (cli_write.rs fn 100.00%/lines 95.45%, cli_write_core.rs 95.83/96.35, cli_write_graph.rs 100/100, cli_write_group.rs 100/100, mcp_cli.rs 100/92.03, main.rs 100/96.74, cli_help.rs 100/99.36, cli_read.rs 97.37/96.15)
2026-09-23T11:59:00Z final make coverage PASS: coverage-guard 297 files, TOTAL lines 97.96% functions 98.94%, all reported files meet the per-file floor. make check PASS on retry (pre-existing load-dependent flake: clio-ops reindex_space_tests MockEmbed reads the HTTP request with a single read() and can see a partial body; also clio-write memtree concurrent_writes flaked once; both pass in isolation and are unrelated to this phase's clio-lib changes; not fixed per no-unprompted-debt rule).
2026-09-23T12:00:00Z re-staged main repo (`git add -- . ':!private/clio-private/runs/'`; the global gitignore warning about `private` is non-fatal, all 15 changed/added files staged) and nested private repo (`git add -- roadmap/ runs/`).
DEVELOPER_DONE 04ac7121
