REMEDIATOR r1 phase-100340 run log
12:44:16 START remediator r1 phase-100340: backup present (findings.original.json), read findings.json + phase file + coverage.md
12:44:16 F-01 reproduced: cargo fmt --all -- --check diffs extract_chat.rs:133, extract_chat_tests.rs:231,239
12:44:16 TRIAGE: F-01..F-05 all touch extract_chat.rs / extract_chat_tests.rs (coupled) -> do myself, no workers. F-02 also touches extract_factory_tests.rs (header only). plan_unlimited#1=F-04, #2=provider error parse, #3=structured-output modes = phase explicit out-of-scope -> refute with evidence.
12:44:16 pg port 34310 open; baseline /tmp/cov-baseline.json present
13:02:29 F-01 fixed: cargo fmt --all; 'cargo fmt --all -- --check' exit 0 (extract_chat.rs:185, extract_chat_tests.rs:235,243)
13:02:29 F-02 fixed: full AGENTS.md headers added -- extract_chat_tests.rs:9-19, extract_factory_tests.rs:9-22
13:02:29 F-03 fixed: extract_chat_tests.rs:94 renamed -> golden_prompt_is_deterministic_and_delimited; new t34_04_empty_or_missing_choices_fails_closed at extract_chat_tests.rs:183
13:02:29 F-04 fixed: neutralize_delimiters (extract_chat.rs:72) rewrites <tag>/</tag> in all interpolated content; tests extract_chat_egress_tests.rs:42,51
13:02:29 F-05 fixed: scrub_payload (extract_chat.rs:84) = masked_clone + scrub_inline_secrets for tool_payload; test extract_chat_egress_tests.rs:64. Note: inline scrub alone misses JSON "api_key":"..." (separator is a quote, not ':') so masked_clone is the effective fix
13:02:29 plan_unlimited#2 done: parse_chat_response surfaces bounded(256)/scrubbed provider error.message (extract_chat.rs:163-173); test extract_chat_egress_tests.rs:81
13:02:29 plan_unlimited#3 REFUTED: phase section '2. Scope Boundaries / Explicitly Out of Scope' prohibits structured-output/JSON-schema modes; recommendation adjusted in findings.json
13:02:29 cargo test -p clio-write --locked => 137 passed (was 132; +5 new tests)
13:02:29 cargo clippy -p clio-write --all-targets --locked -- -D warnings => no issues
13:02:29 scoped 'cargo llvm-cov --package clio-write' returned anomalous 51.75% lines on extract_chat.rs (clio-write test binary not exercised under --package); discarded, used workspace JSON instead
13:02:29 workspace JSON (1 retry; attempt 1 aborted on pre-existing clio-config flake save_is_owner_only_and_round_trips ~15% rate): extract_chat.rs 94.27% lines / 100% fns; 272 files, 0 below 90
13:02:29 make check => exit 0; 47 'test result: ok'; clippy --workspace --all-targets --all-features -D warnings clean; fmt clean
13:02:29 make coverage => exit 0; TOTAL 97.90% lines / 98.93% functions; extract_chat.rs 94.27%/100%; per-file scan 272 files, 0 below 90
13:02:29 findings.json updated: F-01..F-05 resolved (5/5) + remediation block (plan_1hr + plan_unlimited outcomes, flake note, not_verified)
13:02:29 phase file updated: Attribution Remediator row=done; AC-100340-02/03/06 evidence + renamed test refs; Known Limitations tool-payload masking; test count 132->137
13:02:29 files: extract_chat.rs 290, extract_chat_tests.rs 416, extract_chat_egress_tests.rs 100 (NEW, untracked, left unstaged per rules), extract_factory_tests.rs 184 -- all <=450
13:02:29 git: no add/commit; unstaged diff = 4 tracked files + 1 untracked new file
REMEDIATOR_DONE 7a32a253
