2026-09-20T14:19:41 START remediator-task-r1 phase-100240
2026-09-20T14:59:25 running make check (single full pass)
2026-09-20T15:16:23 backup: findings.original.json already existed, skipped copy
2026-09-20T15:16:23 triage: 8 findings (F-01..F-08) + plan_1hr (6) + plan_unlimited (3)
2026-09-20T15:16:23 research: cargo-llvm-cov #276/#344/#325 confirm per-cfg instantiation + closure records inflate per-file function counts; stale target/llvm-cov-target merged pre-refactor instantiations
2026-09-20T15:16:23 diagnosed: cargo llvm-cov clean --workspace removed stale artifacts; real gaps = closures + untested fns
2026-09-20T15:16:23 F-01 fixed: removed unused ErrorCode import in crates/clio-sync/src/journal_row.rs:29
2026-09-20T15:16:23 F-03 fixed: update_audit_id atomic sequence suffix in crates/clio-store/src/item_update.rs:37; regression suite_rapid_updates_unique_audit (sqlite+pg)
2026-09-20T15:16:23 F-07 fixed: removed Phase 100020 ref in crates/clio-sync/src/crypto.rs:16; seal closure -> expect
2026-09-20T15:16:23 F-08 fixed: apply.rs lww_loser uses engine.device_id; t24_03 assertion updated
2026-09-20T15:16:23 F-06 fixed: server.rs journal_row_to_mutation serves empty plain content for unsealed rows; tests pull_survives_unsealed_journal_row_without_http_500
2026-09-20T15:16:23 F-05 fixed: client.rs decrypt_for_apply quarantines unopenable/non-JSON cipher; test wrong_cipher_key_quarantines_then_ack_skip_unfreezes
2026-09-20T15:16:23 F-04 fixed: new client_feed.rs push_bank calls feed_triples (invalidate) + sync_status pending_push; e2e triple_close_packages_as_invalidate_and_replicates
2026-09-20T15:16:23 F-02 fixed: removed unreachable closures, shared tested io mappers in http.rs, split client_feed.rs, added protocol/http/server/client + clio-store sync tests
2026-09-20T15:16:23 scoped clio-sync coverage: all files functions 100%, lines >=92%; clio-store postgres_sync/sqlite_sync 100/100
2026-09-20T15:16:23 make check (final): exit 0; 1185 tests passed, 0 failed
2026-09-20T15:16:23 make coverage (final, after clean): exit 0; aggregate functions 98.86% lines 97.87%; no reported file below 90% on functions or lines
2026-09-20T15:16:23 findings.json: all 8 findings+issues marked resolved with evidence; plan_1hr 6/6 done; plan_unlimited adjusted (2 deferred with reasons); backup untouched
2026-09-20T15:16:23 phase file: Remediator attribution added; DoD/Completion Evidence/Known Limitations updated with real results
REMEDIATOR_DONE a08ae1a8
