2026-09-24T16:51:34+0530 finalize r2 started (resumed/blocked-recovery attempt); task file read
2026-09-24T16:51:34+0530 state inspected: public heyaibi/clio already pushed in r1 (master 2370258, clean, in sync with origin); private local master ahead 1 with rebuild commit 6f243fb (Slack-shaped literal redacted to REDACTED_SYNTHETIC_SLACK_TOKEN); private worktree has finalize-task-r1.log, resume.json modified and finalize-resume-r2.md, finalize-task-r2.md untracked
2026-09-24T16:51:34+0530 secret scan of private commit 6f243fb diff vs origin/master: no live credential-shaped literals; only documented synthetic examples (AKIAIOSFODNN7EXAMPLE, ghp_ alphabet placeholder, dummy JWT) that were present in the r1 push attempt where GitHub flagged only the Slack token
2026-09-24T16:51:36+0530 attribution check: Developer r1 done, Adversary r1 done, Remediator r1 done, Remedy Approver r1 approved rows present and well-formed; corrected Finalize r1 status to blocked (was recorded done but r1 ended FINALIZE_BLOCKED); added Finalize r2 row with OpenCode CLI (Together . GLM-5.3 Flash High); approval checkbox set to [x] in roadmap/phase-100440-fidelity-latency-acceptance.md; both changes go into the same private commit
2026-09-24T16:51:36+0530 starting final make check (serial test scheduler)
2026-09-24T16:52:41+0530 final make check: exit 0
2026-09-24T16:52:42+0530 make check detail: no FAILED/error lines in /tmp/opencode/make-check-r2.log; all test result blocks ok
2026-09-24T16:52:52+0530 addressed_issues read from findings.json after publishing base: present, list, [] -> nothing to close; no issue-close files needed
2026-09-24T16:52:52+0530 incidental bug reports: none confirmed during final checks; ledger-list check to follow
2026-09-24T16:52:52+0530 staging private repo with git add -A
2026-09-24T16:52:56+0530 private commit created: bb0fba3 'pipeline: finalize phase 100440 round 2' (6 files: phase roadmap attribution+checkbox, finalize r1 log update, resume.json, r2 task/resume/log files); public repo has no new changes to commit (clean, phase already in pushed commit 187f58c via merge 2370258)
2026-09-24T16:52:56+0530 running mandatory gitsync --mode push check
2026-09-24T16:52:59+0530 gitsync exit 0: public up-to-date (equal), private ahead 2 and push will fast-forward
2026-09-24T16:53:08+0530 public push result: success (Everything up-to-date; heyaibi/clio master 2370258 already contains phase commit 187f58c from the r1 push, exit 0)
2026-09-24T16:53:08+0530 private push result: success; heyaibi/clio-private master advanced de336a1..bb0fba3 (rebuild commit 6f243fb plus finalize round 2 commit bb0fba3); GitHub push protection accepted the redacted artifacts; no force or bypass used
2026-09-24T16:53:25+0530 post-push verification: both repos master...origin/master in sync (ahead 0, behind 0); only local modification is this run log awaiting its final entries, matching the r1 commit pattern
2026-09-24T16:53:25+0530 ledger-list reported-bugs.json: entries [] -> no incidental bug numbers recorded, none reported
2026-09-24T16:53:25+0530 issue close-out: zero issues closed (addressed_issues is an empty list, which closes nothing by instruction)
2026-09-24T16:53:25+0530 finalize r2 close-out complete: attribution table well-formed (Finalize r1 corrected to blocked, Finalize r2 added), approval checkbox checked in same commit bb0fba3, final make check exit 0, both repos pushed, no issues to close, no incidental bugs
FINALIZE_DONE 617a8811
