2026-09-24T15:39:50+05:30 remediator r1 started; findings backup created before inspection
2026-09-24T15:41:32+05:30 triage: F-01/F-02/F-03/F-05/F-06 are coupled harness/script fixes; F-04 is disjoint CLI rendering; parity table groundwork added at scripts/verifier_parity.json
2026-09-24T15:41:32+05:30 research: Cargo test docs confirm injected transports and package-root test working directories support a deterministic mock-provider pipeline test; no external provider dependency is needed
2026-09-24T15:42:01+05:30 spawned harness worker: scripts/extract_quality.py, scripts/extract_fixtures.json, scripts/extract_heldout.json, docs/extraction-fidelity.md, scripts/verifier_parity.json; findings F-01/F-02/F-03/F-05/F-06 and shared parity
2026-09-24T15:42:01+05:30 spawned Rust recall worker: crates/clio-write/src/extract_recall_tests.rs; findings F-02 and shared verifier parity
2026-09-24T15:42:01+05:30 spawned CLI worker: crates/clio-lib/src/cli_read_graph.rs and cli_read_graph_tests.rs; finding F-04
2026-09-24T15:42:07+05:30 verified existing /tmp/cov-baseline.json: 318 files, no per-file line/function offenders, aggregate 97.9530% lines / 98.8940% functions; no baseline gate rerun
2026-09-24T15:43:17+05:30 reproduced findings before fixes: Python accepts space date-time, rejects both 25/04 and 04/25, historical grounding_fidelity=1.0000, all four credential probes unchanged, invented unlisted leaf verifies ok
2026-09-24T15:44:32+05:30 Rust recall worker completed: extract_recall_tests.rs now 353 lines; mock ChatExtractor→verify_snapshot→extract_verify_store→admission test passes and prompt test passes; parity test exposed trailing-period date-token mismatch (4 expected-true cases) and worker could not edit verify_date.rs; cargo check -p clio-write passed
2026-09-24T15:46:41+05:30 CLI worker completed: cli_read_graph.rs and cli_read_graph_tests.rs render/assert separate time_to_queryable_ms and structural_maintenance_ms; focused tests 1+1+7 passed, cargo check -p clio passed; corrected package name is clio; files 217/222 lines
2026-09-24T15:48:31+05:30 public-boundary scan of touched paths passed: no private/roadmap/phase references; worker outputs so far remain unstaged
2026-09-24T15:49:52+05:30 cargo fmt applied to the two completed Rust slices; all remain <=450 lines (extract_recall_tests 362, cli_read_graph 214, cli_read_graph_tests 225)
2026-09-24T15:50:53+05:30 focused formatting verification passed for completed Rust slices; no index changes made
2026-09-24T15:51:57+05:30 interim harness self-test after worker edits: 26 passed, 0 failed; Python parity table check passed (Rust parity still requires integration rerun)
2026-09-24T15:52:31+05:30 interim Python syntax/JSON/diff checks passed for harness worker files; Rust parity remains the known trailing-period mismatch pending final integration
2026-09-24T15:52:39+05:30 interim integration note recorded; awaiting harness worker completion before resolving shared date-token boundary
2026-09-24T15:53:37+05:30 resolved shared date boundary without changing Rust admission rules: Python now follows the Rust token alphabet, held-out date-time source was re-frozen to a T token without terminal punctuation, and both Python --parity (13/13) and Rust parity test pass
2026-09-24T15:55:12+05:30 parent verification after harness integration: self-test 26/26, Python parity 13/13, held-out unit fixture contract 27/27 with grounding_fidelity=0.8000 and three intentional controls; tuning/historical rerun still pending
2026-09-24T15:55:19+05:30 focused harness verification passed: tuning fixture_contract_fidelity=1.0000 gold=21/21; intentional historical fixture_replay_fidelity=0.9048 gold=19/21 exit=1; Rust parity test passed 1/1 after shared table correction
2026-09-24T15:56:07+05:30 strengthened shared conformance: Rust parity test now executes `python3 scripts/extract_quality.py --parity` against the same table and compares all 13 actual outcomes; focused test passed 1/1 after correcting package-root path
2026-09-24T15:56:22+05:30 harness worker slice integrated after parent review: fixture provenance/labels, structural grounding metric, four credential redaction families with self-tests, unlisted-leaf fail-closed handling, and --parity mode are present; parent corrected date-token boundary and verified outputs
2026-09-24T15:56:35+05:30 live held-out attempt rerun: 10/10 endpoint_unavailable, live_fidelity=0.0000, exit=1; raw-output /tmp/clio-extract-heldout-live.json has 10 mode-0600 records and no AWS/GitHub/JWT/Slack/Bearer markers
2026-09-24T15:56:47+05:30 focused Rust verification: cargo test -p clio-write --lib passed 149/149 including mock recall, direct Python/Rust parity, and existing latency/verifier tests; `cargo test -p clio --lib` filters find no tests because CLI tests are in the binary target, so final make check will cover them
2026-09-24T15:56:56+05:30 CLI focused verification passed: cargo test -p clio cli_read_graph::tests -> 7/7; maintenance_status filter -> 1/1; output confirms both latency labels and JSON metrics
2026-09-24T15:57:10+05:30 integration review status: no whitespace errors; public Rust/script/docs changes are unstaged over the developer baseline; scripts/verifier_parity.json remains a new unstaged file; index was not modified
2026-09-24T15:57:24+05:30 final pre-gate static checks passed: cargo fmt --check, Python bytecode compilation, all fixture/parity JSON parsing, and git diff --check
2026-09-24T15:57:57+05:30 final make check attempt 1 failed only on clippy::too_many_lines in the new mock-provider test (103/100); no test failure. Extracted request assertions into a helper, then focused clippy -D warnings and mock test passed; final gate rerun is required.
2026-09-24T15:59:10+05:30 harness worker completed: reported 27 self-tests, 14/14 Python parity, tuning 21/21, heldout 27/27, intentional historical 19/21, scoped Rust parity pass; no Rust or index edits by worker
2026-09-24T15:59:10+05:30 make check final rerun completed with workspace fmt, clippy -D warnings, all workspace tests, and doc tests passing (serial RUST_TEST_THREADS=1)
2026-09-24T15:59:40+05:30 final make check verified exit=0; workspace clippy -D warnings and all unit/integration/doc tests passed, including clio-write 149 and clio binary graph tests 7; serial scheduler used
2026-09-24T15:59:59+05:30 first final coverage invocation stopped before tests because cargo-llvm-cov was not on PATH; binary exists at /home/e1rcv4ogdmzught4sw9be5k2/.cargo/bin/cargo-llvm-cov, so the gate will be rerun with that toolchain bin prepended to PATH
2026-09-24T16:01:13+05:30 final full coverage gate passed once with PATH corrected: 318 files, TOTAL lines 97.9608% / functions 98.8955%, zero per-file offenders; report target/coverage/coverage.json; touched production rows include cli_read_graph 100/100, extract_chat 94.27/100, ingest 99.49/100, maintenance 100/100, memtree_maint 96.58/100, memtree_tools 96.03/100
2026-09-24T16:01:24+05:30 final focused harness evidence: self-test 27/27; parity 14/14; tuning contract 21/21; heldout contract 27/27; historical replay 19/21 exit=1; live heldout 10/10 endpoint_unavailable exit=1 with redacted raw output
2026-09-24T16:02:54+05:30 findings.json updated after integration: all F-01..F-06 marked resolved with real evidence; original finding fields preserved; addressed_issues remains []; plan_1hr and plan_unlimited have explicit dispositions
2026-09-24T16:03:01+05:30 phase evidence updated with real final outputs and Remediator attribution; findings report resolutions recorded; no issue candidates or incidental bugs
2026-09-24T16:03:15+05:30 final review passed: all modified Rust files <=450 lines (largest extract_chat_tests.rs 433 and extract_recall_tests.rs 401), public-boundary scan clean, JSON reports valid, findings original fields preserved, index unchanged, all three workers completed
2026-09-24T16:03:42+05:30 FINISH remediator r1: F-01..F-06 addressed; worker slices reviewed; final make check and one full coverage gate pass; live extractor remains explicitly unverified as endpoint_unavailable; no incidental bugs or issue candidates; changes left unstaged
REMEDIATOR_DONE bde7eacc
